// Jest Snapshot v1, https://goo.gl/fbAQLP

exports[`renders App snapshot test 1`] = `
<DocumentFragment>
  <div
    class="App"
  >
    <header
      class="App-header"
    >
      <h1>
        React
      </h1>
      <img
        alt="logo"
        class="App-logo"
        src="logo.svg"
      />
      <div>
        <button
          data-testid="myButton"
          style="display: inline; background-color: Green;"
        >
          My Button
        </button>
      </div>
      <br />
      <div>
        <input
          data-testid="myTextbox"
          type="text"
          value="Please enter your name."
        />
      </div>
    </header>
  </div>
</DocumentFragment>
`;
